./mvnw : WARNING: A terminally 
deprecated method in sun.misc.U
nsafe has been called
At line:1 char:1
+ ./mvnw test -Dtest=CampaignSe
rviceTest > test_output.txt 2>&
1
+ ~~~~~~~~~~~~~~~~~~~~~~~~~~~~~
~~~~~~~~~~~~~~~~~~~~~~~~~~~~~~~
~
    + CategoryInfo          :  
   NotSpecified: (WARNING: A   
  term...has been called:Str   
 ing) [], RemoteException
    + FullyQualifiedErrorId :  
   NativeCommandError
 
WARNING: sun.misc.Unsafe::stati
cFieldBase has been called by c
om.google.inject.internal.aop.H
iddenClassDefiner (file:/C:/Use
rs/samtt/.m2/wrapper/dists/apac
he-maven-3.9.11/03d7e36a140982e
ea48e22c1dcac01d8862b2550b2939e
09a0809bbc5182a5bc/lib/guice-5.
1.0-classes.jar)
WARNING: Please consider report
ing this to the maintainers of 
class com.google.inject.interna
l.aop.HiddenClassDefiner
WARNING: sun.misc.Unsafe::stati
cFieldBase will be removed in a
 future release
[INFO] Scanning for projects...
[INFO] 
[INFO] -----------------------< com.example:tfsbackend >-----------------------
[INFO] Building tfsbackend 0.0.1-SNAPSHOT
[INFO]   from pom.xml
[INFO] --------------------------------[ jar ]---------------------------------
[INFO] 
[INFO] --- resources:3.3.1:resources (default-resources) @ tfsbackend ---
[INFO] Copying 2 resources from src\main\resources to target\classes
[INFO] Copying 14 resources from src\main\resources to target\classes
[INFO] 
[INFO] --- compiler:3.14.1:compile (default-compile) @ tfsbackend ---
[INFO] Nothing to compile - all classes are up to date.
[INFO] 
[INFO] --- resources:3.3.1:testResources (default-testResources) @ tfsbackend ---
[INFO] skip non existing resourceDirectory F:\Yazilim\tfsbackend\tfsbackend\src\test\resources
[INFO] 
[INFO] --- compiler:3.14.1:testCompile (default-testCompile) @ tfsbackend ---
[INFO] Nothing to compile - all classes are up to date.
[INFO] 
[INFO] --- surefire:3.5.4:test (default-test) @ tfsbackend ---
[INFO] Using auto detected provider org.apache.maven.surefire.junitplatform.JUnitPlatformProvider
[INFO] 
[INFO] -------------------------------------------------------
[INFO]  T E S T S
[INFO] -------------------------------------------------------
[INFO] Running com.example.apps.campaigns.services.CampaignServiceTest
Mockito is currently self-attac
hing to enable the inline-mock-
maker. This will no longer work
 in future releases of the JDK.
 Please add Mockito as an agent
 to your build as described in 
Mockito's documentation: https:
//javadoc.io/doc/org.mockito/mo
ckito-core/latest/org.mockito/o
rg/mockito/Mockito.html#0.3
WARNING: A Java agent has been 
loaded dynamically (C:\Users\sa
mtt\.m2\repository\net\bytebudd
y\byte-buddy-agent\1.17.8\byte-
buddy-agent-1.17.8.jar)
WARNING: If a serviceability to
ol is in use, please run with -
XX:+EnableDynamicAgentLoading t
o hide this warning
WARNING: If a serviceability to
ol is not in use, please run wi
th -Djdk.instrument.traceUsage 
for more information
WARNING: Dynamic loading of age
nts will be disallowed by defau
lt in a future release
Java HotSpot(TM) 64-Bit Server 
VM warning: Sharing is only sup
ported for boot loader classes 
because bootstrap classpath has
 been appended
05:28:22.109 [main] INFO com.example.apps.campaigns.services.impl.CampaignService -- Coupon updated: TEST2025
05:28:22.121 [main] INFO com.example.apps.campaigns.services.impl.CampaignService -- Coupon created: NEWCODE
05:28:22.125 [main] INFO com.example.apps.campaigns.services.impl.CampaignService -- Campaign created: Test Campaign
05:28:22.137 [main] INFO com.example.apps.campaigns.services.impl.CampaignService -- Coupon deleted with id: 1
[ERROR] Tests run: 20, Failures: 1, Errors: 0, Skipped: 0, Time elapsed: 1.070 s <<< FAILURE! -- in com.example.apps.campaigns.services.CampaignServiceTest
[ERROR] com.example.apps.campaigns.services.CampaignServiceTest.testFindBestCampaign -- Time elapsed: 0.007 s <<< FAILURE!
org.opentest4j.AssertionFailedError: expected: not <null>
	at org.junit.jupiter.api.AssertionFailureBuilder.build(AssertionFailureBuilder.java:159)
	at org.junit.jupiter.api.AssertionFailureBuilder.buildAndThrow(AssertionFailureBuilder.java:139)
	at org.junit.jupiter.api.AssertNotNull.failNull(AssertNotNull.java:55)
	at org.junit.jupiter.api.AssertNotNull.assertNotNull(AssertNotNull.java:40)
	at org.junit.jupiter.api.AssertNotNull.assertNotNull(AssertNotNull.java:34)
	at org.junit.jupiter.api.Assertions.assertNotNull(Assertions.java:325)
	at com.example.apps.campaigns.services.CampaignServiceTest.testFindBestCampaign(CampaignServiceTest.java:381)

[INFO] 
[INFO] Results:
[INFO] 
[ERROR] Failures: 
[ERROR]   CampaignServiceTest.testFindBestCampaign:381 expected: not <null>
[INFO] 
[ERROR] Tests run: 20, Failures: 1, Errors: 0, Skipped: 0
[INFO] 
[INFO] ------------------------------------------------------------------------
[INFO] BUILD FAILURE
[INFO] ------------------------------------------------------------------------
[INFO] Total time:  3.992 s
[INFO] Finished at: 2026-01-02T05:28:22+03:00
[INFO] ------------------------------------------------------------------------
[ERROR] Failed to execute goal org.apache.maven.plugins:maven-surefire-plugin:3.5.4:test (default-test) on project tfsbackend: There are test failures.
[ERROR] 
[ERROR] See F:\Yazilim\tfsbackend\tfsbackend\target\surefire-reports for the individual test results.
[ERROR] See dump files (if any exist) [date].dump, [date]-jvmRun[N].dump and [date].dumpstream.
[ERROR] -> [Help 1]
[ERROR] 
[ERROR] To see the full stack trace of the errors, re-run Maven with the -e switch.
[ERROR] Re-run Maven using the -X switch to enable full debug logging.
[ERROR] 
[ERROR] For more information about the errors and possible solutions, please read the following articles:
[ERROR] [Help 1] http://cwiki.apache.org/confluence/display/MAVEN/MojoFailureException
